ExpansionTraderBoris.Hunting_Fishing|7208.0 252.99 6968.8|-29.51 -0.000000 0.000000|Slouch_Hat_Brown,HuntingVest,CargoPants_Beige,MilitaryGear_FieldJacket_FLT,HikingBoots_Black
ExpansionTraderIrena.Consumables|7207.7 252.99 6964.4|-79.35 -0.000000 0.000000|Sweater_Green,Jeans_Grey,MilitaryBoots_Black,SurgicalGloves_White,BoarSteakMeat,BaseballCap_Olive
ExpansionTraderLewis.Medic|7182.5 253.04 6970.4|41.186 -0.000000 0.000000|MedicalScrubsHat_Blue,Labcoat,MedicalScrubsPants_Blue,NBCBootsGray,SurgicalGloves_LightBlue
ExpansionTraderKaito.Tools_Supplies|7180.6 253.03 6980.9|138.54 -0.000000 0.000000|LeatherJacket_Beige,Jeans_Black,MilitaryBoots_Black,SurgicalGloves_White,SurgicalMask
ExpansionTraderFrida.CivilianGear|7190.7 253.01 6987.2|-165.1 -0.000000 0.000000|ThickFramesGlasses,WomanSuit_Black,SlacksPants_Black,DressShoes_Black
ExpansionTraderFrancis.GroundVehicles_Parts|7234.8 253.39 6965.9|-91.25 -0.000000 0.000000|WorkingBoots_Brown,WorkingGloves_Brown,RidersJacket_Black,Jeans_Black,LugWrench,Wrench
ExpansionTraderPeter.BaseImprovement|7199.7 253.06 6987.3|-178.8 -0.000000 0.000000|ConstructionHelmet_Orange,JumpsuitJacket_Gray,ReflexVest,Jeans_Black,HikingBoots_Black,WorkingGloves_Brown,ThickFramesGlasses,Hacksaw
ExpansionTraderSeth.Weapons|7206.6 253.02 6985.1|-174.6 -0.000000 0.000000|OMNOGloves_Gray,MilitaryBeret_CDF,PlateCarrierVest,TTsKOJacket_Camo,TTSKOPants,MilitaryBoots_Black,AliceBag_Camo
ExpansionTraderTaiki.Ammo_Attachments|7210.4 253.02 6984.4|-171.1 -0.000000 0.000000|SportGlasses_Orange,BaseballCap_Camo,TacticalShirt_Olive,SmershVest,BDUPants,TTSKOBoots,AssaultBag_Ttsko
ExpansionTraderJudy.MilitaryGear|7194.4 253.01 6986.7|-169.8 -0.000000 0.000000|MVS_Facemask_Multicam,MVS_ArmoredHelmet_Multicam,MVS_ChestRig_Multicam,MVS_CombatPants_Multicam,MVS_CombatShirt_Multicam,MVS_Rucksack_Multicam,MilitaryBoots_Black,TacticalGloves_Black,MilitaryGear_GhillieGunWrap_PartizanM